	# gawk profile, created Mon Mar 11 18:08:32 2019

	# BEGIN rule(s)

	BEGIN {
     1  	printf "---|Header|--\n"
	}

	# Rule(s)

     5  {
     5  	print $0
	}

	# END rule(s)

	END {
     1  	printf "---|Footer|---\n"
	}

